WH6 /home/sgivan/projects/BGA/lib/genDB/lib/WH6
WH6-01 /home/sgivan/projects/BGA/lib/genDB/lib/WH6-01
xhc /home/sgivan/projects/BGA/lib/genDB/lib/xhc
annotate /home/sgivan/projects/BGA/lib/genDB/lib/annotate
WH6-G3 /home/sgivan/projects/BGA/lib/genDB/lib/WH6-G3
xhc-G3 /home/sgivan/projects/BGA/lib/genDB/lib/xhc-G3
Rfascians /home/sgivan/projects/BGA/lib/genDB/lib/Rfascians
Rfascians02 /home/cgrb/givans/projects/BGA/lib/genDB/lib/Rfascians02
TEST /home/cgrb/givans/projects/BGA/share/genDB/lib/TEST
Rfascians02 /home/cgrb/givans/projects/BGA/share/genDB/lib/Rfascians02
D188 /home/sgivan/projects/BGA/share/genDB/lib/D188
Phirschii /home/sgivan/projects/BGA/share/genDB/lib/Phirschii
S4gamma /home/sgivan/projects/BGA/share/genDB/lib/S4gamma
S4gamma /home/sgivan/projects/BGA/share/genDB/lib/S4gamma
S4gamma /home/sgivan/projects/BGA/share/genDB/lib/S4gamma
S2Bgamma /home/sgivan/projects/BGA/share/genDB/lib/S2Bgamma
S2Bgamma /home/sgivan/projects/BGA/share/genDB/lib/S2Bgamma
S2Bgamma /home/sgivan/projects/BGA/share/genDB/lib/S2Bgamma
S2Bgamma /home/sgivan/projects/BGA/share/genDB/lib/S2Bgamma
S2Bgamma /home/sgivan/projects/BGA/share/genDB/lib/S2Bgamma
S2Bgamma /home/sgivan/projects/BGA/share/genDB/lib/S2Bgamma
S1Bgamma /home/sgivan/projects/BGA/share/genDB/lib/S1Bgamma
S6gamma /home/sgivan/projects/BGA/share/genDB/lib/S6gamma
mcalifornicum /home/sgivan/projects/BGA/share/genDB/lib/mcalifornicum
PS0106 /home/sgivan/projects/BGA/share/genDB/lib/PS0106
PS0111 /home/sgivan/projects/BGA/share/genDB/lib/PS0111
PS0110 /home/sgivan/projects/BGA/share/genDB/lib/PS0110
PS0106i /home/sgivan/projects/BGA/share/genDB/lib/PS0106i
PS0110i /home/sgivan/projects/BGA/share/genDB/lib/PS0110i
PhirschiiP27354 /home/sgivan/projects/BGA/share/genDB/lib/PhirschiiP27354
PhirschiiUnplaced /home/sgivan/projects/BGA/share/genDB/lib/PhirschiiUnplaced
Phirschii02 /home/sgivan/projects/BGA/share/genDB/lib/Phirschii02
metaTest /home/sgivan/projects/BGA/share/genDB/lib/metaTest
metaTest /home/sgivan/projects/BGA/share/genDB/lib/metaTest
Phirschii03 /home/sgivan/projects/BGA/share/genDB/lib/Phirschii03
meta-annotate /home/sgivan/projects/BGA/share/genDB/lib/meta-annotate
meta-annotate /home/sgivan/projects/BGA/share/genDB/lib/meta-annotate
login-0-7 /home/sgivan/projects/BGA/share/genDB/lib/login-0-7
login-0-7 /home/sgivan/projects/BGA/share/genDB/lib/login-0-7
krishnan00 /home/sgivan/projects/BGA/share/genDB/lib/krishnan00
krishnan01 /home/sgivan/projects/BGA/share/genDB/lib/krishnan01
