TEST /usr/local/gendb/lib/TEST
SAR11 /local/cluster/genDB/lib/SAR11
SAR11t /local/cluster/genDB/lib/SAR11t
Francis /local/cluster/genDB/lib/Francis
E_litoralis /local/cluster/genDB/lib/E_litoralis
OB2597 /local/cluster/genDB/lib/OB2597
JNB /local/cluster/genDB/lib/JNB
CA2559 /local/cluster/genDB/lib/CA2559
OA2633 /local/cluster/genDB/lib/OA2633
RB2654 /local/cluster/genDB/lib/RB2654
PB2503 /local/cluster/genDB/lib/PB2503
GB2207 /local/cluster/genDB/lib/GB2207
FB2170 /local/cluster/genDB/lib/FB2170
PU1002 /local/cluster/genDB/lib/PU1002
PU1062 /local/cluster/genDB/lib/PU1062
OG2516 /local/cluster/genDB/lib/OG2516
RB2501 /local/cluster/genDB/lib/RB2501
annotate /local/cluster/genDB/lib/annotate
OS145 /local/cluster/genDB/lib/OS145
MB2181 /local/cluster/genDB/lib/MB2181
GB2080 /local/cluster/genDB/lib/GB2080
LA2155 /local/cluster/genDB/lib/LA2155
GB2143 /local/cluster/genDB/lib/GB2143
FP2506 /local/cluster/genDB/lib/FP2506
R2601 /local/cluster/genDB/lib/R2601
AB2255 /local/cluster/genDB/lib/AB2255
RB2150 /local/cluster/genDB/lib/RB2150
PU7211 /local/cluster/genDB/lib/PU7211
GB5015 /local/cluster/genDB/lib/GB5015
GB0861 /local/cluster/genDB/lib/GB0861
GB0862 /local/cluster/genDB/lib/GB0862
KB13 /local/cluster/genDB/lib/KB13
GB2148 /local/cluster/genDB/lib/GB2148
ENI-11 /local/cluster/genDB/lib/ENI-11
NE25978 /local/cluster/genDB/lib/NE25978
WH6 /local/cluster/genDB/lib/WH6
WH6-01 /local/cluster/genDB/lib/WH6-01
WH6-01 /local/cluster/genDB/lib/WH6-01
xhc /local/cluster/genDB/lib/xhc
annotate /local/cluster/genDB/lib/annotate
WH6-G3 /local/cluster/genDB/lib/WH6-G3
xhc-G3 /local/cluster/genDB/lib/xhc-G3
Rfascians /local/cluster/genDB/lib/Rfascians
Rfascians /local/cluster/genDB/lib/Rfascians
Rfascians /local/cluster/genDB/lib/Rfascians
Rfascians /local/cluster/genDB/lib/Rfascians
